<html>
<body>
<pre>
<h1>µVision Build Log</h1>
<h2>Tool Versions:</h2>
IDE-Version: µVision V5.23.0.0
Copyright (C) 2017 ARM Ltd and ARM Germany GmbH. All rights reserved.
License Information: Pablo Belmonte, Cyberpol Corp. Inc, LIC=----
 
Tool Versions:
Toolchain:       MDK-Lite  Version: 5.23
Toolchain Path:  C:\Keil_v5\ARM\ARMCC\Bin
C Compiler:      Armcc.exe V5.06 update 4 (build 422)
Assembler:       Armasm.exe V5.06 update 4 (build 422)
Linker/Locator:  ArmLink.exe V5.06 update 4 (build 422)
Library Manager: ArmAr.exe V5.06 update 4 (build 422)
Hex Converter:   FromElf.exe V5.06 update 4 (build 422)
CPU DLL:         SARMCM3.DLL V5.23
Dialog DLL:      DARMCM1.DLL V1.17.0.0
Target DLL:      STLink\ST-LINKIII-KEIL_SWO.dll V2.0.18.0
Dialog DLL:      TARMCM1.DLL V1.12.0.0
 
<h2>Project:</h2>
C:\Users\pablo\Desktop\lector rfid\Lector\Lector\Lector-v1.uvproj
Project File Date:  11/04/2018

<h2>Output:</h2>
*** Using Compiler 'V5.06 update 4 (build 422)', folder: 'C:\Keil_v5\ARM\ARMCC\Bin'
Build target 'Lector-v1'
compiling stm32f0xx_it.c...
compiling main.c...
compiling Lector_FSM.c...
src\Lector_FSM.c(65): warning:  #1295-D: Deprecated declaration Funcion_Maestra - give arg types
  uint8_t Funcion_Maestra();
src\Lector_FSM.c(68): warning:  #1295-D: Deprecated declaration Elegir_Jerarquia - give arg types
  uint8_t Elegir_Jerarquia();
src\Lector_FSM.c(73): warning:  #1295-D: Deprecated declaration Encender_Alarma - give arg types
  uint8_t Encender_Alarma ();
src\Lector_FSM.c(74): warning:  #1295-D: Deprecated declaration Apagar_Alarma - give arg types
  uint8_t Apagar_Alarma ();
src\Lector_FSM.c(80): warning:  #177-D: variable "i"  was declared but never referenced
  	static uint8_t estado=STATE_WAIT_STX,i;
src\Lector_FSM.c(337): warning:  #940-D: missing return statement at end of non-void function "Funcion_Maestra" 
  }
src\Lector_FSM.c(234): warning:  #177-D: variable "i"  was declared but never referenced
    static uint8_t estado_FM,c,i,indice,error;
src\Lector_FSM.c(238): warning:  #550-D: variable "primero"  was set but never used
  	bool primero;
src\Lector_FSM.c(408): warning:  #940-D: missing return statement at end of non-void function "Activar_Llave" 
  }			
src\Lector_FSM.c(423): warning:  #940-D: missing return statement at end of non-void function "Desactivar_Llave" 
  }
src\Lector_FSM.c(446): warning:  #940-D: missing return statement at end of non-void function "Activar_Puertas" 
  }
src\Lector_FSM.c(560): warning:  #940-D: missing return statement at end of non-void function "Abrir_Puerta" 
  }
src\Lector_FSM.c(616): warning:  #940-D: missing return statement at end of non-void function "Encender_Alarma" 
  }
src\Lector_FSM.c(590): warning:  #550-D: variable "localTick"  was set but never used
  	static uint32_t localTick;
src\Lector_FSM.c(622): warning:  #940-D: missing return statement at end of non-void function "Apagar_Alarma" 
  }
src\Lector_FSM.c: 15 warnings, 0 errors
assembling startup_stm32f0xx.s...
compiling terminal.c...
compiling MyUARTS.c...
compiling system_stm32f0xx.c...
compiling stm32f0xx_gpio.c...
compiling stm32f0xx_misc.c...
compiling stm32f0xx_rcc.c...
compiling stm32f0xx_syscfg.c...
compiling stm32f0xx_usart.c...
linking...
Program Size: Code=7982 RO-data=246 RW-data=100 ZI-data=1668  
".\PruebaLector.axf" - 0 Error(s), 15 Warning(s).
Build Time Elapsed:  00:00:07
</pre>
</body>
</html>
